avene@avenepc ~ $ cd dev/
bash: cd: dev/: Нет такого файла или каталога
avene@avenepc ~ $ cd /dev/
avene@avenepc /dev $ mkdir mygit
mkdir: невозможно создать каталог «mygit»: Отказано в доступе
avene@avenepc /dev $ sudo mkdir mygit
[sudo] пароль для avene: 
avene@avenepc /dev $ cd mygit/
avene@avenepc /dev/mygit $ git init
/dev/mygit/.git: Отказано в доступе
avene@avenepc /dev/mygit $ sudo git init
Инициализирован пустой репозиторий Git в /dev/mygit/.git/
avene@avenepc /dev/mygit $ git ststus
git: «ststus» не является командой git. Смотрите «git --help».

Самые похожие команды:
	status
avene@avenepc /dev/mygit $ git status
На ветке master

Еще нет коммитов

Неотслеживаемые файлы:
  (используйте «git add <файл>…», чтобы добавить в то, что будет включено в коммит)

	123.png
	index.html

ничего не добавлено в коммит, но есть неотслеживаемые файлы (используйте «git add», чтобы отслеживать их)
avene@avenepc /dev/mygit $ git add
fatal: Не удалось создать «/dev/mygit/.git/index.lock»: Отказано в доступе
avene@avenepc /dev/mygit $ sudo git add .
avene@avenepc /dev/mygit $ git status
На ветке master

Еще нет коммитов

Изменения, которые будут включены в коммит:
  (используйте «git rm --cached <файл>…», чтобы убрать из индекса)

	новый файл:    123.png
	новый файл:    index.html

avene@avenepc /dev/mygit $ sudo get status
sudo: get: команда не найдена
avene@avenepc /dev/mygit $ sudo git status
На ветке master

Еще нет коммитов

Изменения, которые будут включены в коммит:
  (используйте «git rm --cached <файл>…», чтобы убрать из индекса)

	новый файл:    123.png
	новый файл:    index.html

Изменения, которые не в индексе для коммита:
  (используйте «git add <файл>…», чтобы добавить файл в индекс)
  (используйте «git checkout -- <файл>…», чтобы отменить изменения
   в рабочем каталоге)

	изменено:      index.html

avene@avenepc /dev/mygit $ sudo git add index.html
avene@avenepc /dev/mygit $ sudo git status
На ветке master

Еще нет коммитов

Изменения, которые будут включены в коммит:
  (используйте «git rm --cached <файл>…», чтобы убрать из индекса)

	новый файл:    123.png
	новый файл:    index.html

avene@avenepc /dev/mygit $ sudo git status
На ветке master

Еще нет коммитов

Изменения, которые будут включены в коммит:
  (используйте «git rm --cached <файл>…», чтобы убрать из индекса)

	новый файл:    123.png
	новый файл:    index.html

Изменения, которые не в индексе для коммита:
  (используйте «git add <файл>…», чтобы добавить файл в индекс)
  (используйте «git checkout -- <файл>…», чтобы отменить изменения
   в рабочем каталоге)

	изменено:      index.html

avene@avenepc /dev/mygit $ git add /
fatal: Не удалось создать «/dev/mygit/.git/index.lock»: Отказано в доступе
avene@avenepc /dev/mygit $ git add
fatal: Не удалось создать «/dev/mygit/.git/index.lock»: Отказано в доступе
avene@avenepc /dev/mygit $ git add .
fatal: Не удалось создать «/dev/mygit/.git/index.lock»: Отказано в доступе
avene@avenepc /dev/mygit $ sudo git add .
avene@avenepc /dev/mygit $ sudo git commit -m "MyCommit"
[master (корневой коммит) 78774f7] MyCommit
 2 files changed, 10 insertions(+)
 create mode 100644 123.png
 create mode 100644 index.html
avene@avenepc /dev/mygit $ sudo git status
На ветке master
нечего коммитить, нет изменений в рабочем каталоге
avene@avenepc /dev/mygit $ 









---------------------------------------------------------
avene@avenepc ~ $ sudo git status
[sudo] пароль для avene: 
fatal: Не найден git репозитоий (или один из его каталогов вплоть до точки монтирования /)
Останавливаю поиск на границе файловой системы (так как GIT_DISCOVERY_ACROSS_FILESYSTEM не установлен).
avene@avenepc ~ $ cd /div/mygit/
bash: cd: /div/mygit/: Нет такого файла или каталога
avene@avenepc ~ $ sudo cd /div/mygit
sudo: cd: команда не найдена
avene@avenepc ~ $ cd div/mygit
bash: cd: div/mygit: Нет такого файла или каталога
avene@avenepc ~ $ cd /dev/mygit/
avene@avenepc /dev/mygit $ sudo git status
На ветке master
Неотслеживаемые файлы:
  (используйте «git add <файл>…», чтобы добавить в то, что будет включено в коммит)

	1s
	site/

ничего не добавлено в коммит, но есть неотслеживаемые файлы (используйте «git add», чтобы отслеживать их)
avene@avenepc /dev/mygit $ git add .
fatal: Не удалось создать «/dev/mygit/.git/index.lock»: Отказано в доступе
avene@avenepc /dev/mygit $ sudo git add .
avene@avenepc /dev/mygit $ git status
На ветке master
Изменения, которые будут включены в коммит:
  (используйте «git reset HEAD <файл>…», чтобы убрать из индекса)

	новый файл:    1s
	новый файл:    "site/css/\320\237\321\203\321\201\321\202\320\276\320\271 \320\264\320\276\320\272\321\203\320\274\320\265\320\275\321\202"
	новый файл:    site/index.html

avene@avenepc /dev/mygit $ sudo git commit -m "Frist site commit ee"
[master 37a4487] Frist site commit ee
 3 files changed, 127 insertions(+)
 create mode 100644 1s
 create mode 100644 "site/css/\320\237\321\203\321\201\321\202\320\276\320\271 \320\264\320\276\320\272\321\203\320\274\320\265\320\275\321\202"
 create mode 100644 site/index.html
avene@avenepc /dev/mygit $ git status
На ветке master
нечего коммитить, нет изменений в рабочем каталоге
avene@avenepc /dev/mygit $ git remote add origin https://github.com/884488/site.git
error: could not lock config file .git/config: Отказано в доступе
fatal: не удалось установить «remote.origin.url» в «https://github.com/884488/site.git»
avene@avenepc /dev/mygit $ sudo git remote add origin https://github.com/884488/site.git
avene@avenepc /dev/mygit $ sudo git push -u origin master
Username for 'https://github.com': 884488
Password for 'https://884488@github.com': 
Подсчет объектов: 11, готово.
Delta compression using up to 4 threads.
Сжатие объектов: 100% (9/9), готово.
Запись объектов: 100% (11/11), 1.82 KiB | 931.00 KiB/s, готово.
Total 11 (delta 2), reused 0 (delta 0)
remote: Resolving deltas: 100% (2/2), done.
To https://github.com/884488/site.git
 * [new branch]      master -> master
Ветка «master» отслеживает внешнюю ветку «master» из «origin».
avene@avenepc /dev/mygit $ sudo cd /dev
sudo: cd: команда не найдена
avene@avenepc /dev/mygit $ cd /dev
avene@avenepc /dev $ sudo mkdir jquery
avene@avenepc /dev $ cd /jquery
bash: cd: /jquery: Нет такого файла или каталога
avene@avenepc /dev $ cd /jquery
bash: cd: /jquery: Нет такого файла или каталога
avene@avenepc /dev $ sudo cd /jquery
sudo: cd: команда не найдена
avene@avenepc /dev $ cd jquery/
avene@avenepc /dev/jquery $ git clone https://github.com/jquery/jquery.git
fatal: не удалось создать рабочий каталог «jquery»: Отказано в доступе
avene@avenepc /dev/jquery $ sudo git clone https://github.com/jquery/jquery.git
Клонирование в «jquery»…
remote: Counting objects: 42692, done.
remote: Total 42692 (delta 0), reused 0 (delta 0), pack-reused 42692
Получение объектов: 100% (42692/42692), 27.08 MiB | 2.05 MiB/s, готово.
Определение изменений: 100% (30205/30205), готово.
avene@avenepc /dev/jquery $ cd /dev/mygit
avene@avenepc /dev/mygit $ git status
На ветке master
Ваша ветка обновлена в соответствии с «origin/master».

нечего коммитить, нет изменений в рабочем каталоге
avene@avenepc /dev/mygit $ 







--------------------------------------------------------------------
avene@avenepc ~ $ sudo git status
[sudo] пароль для avene: 
fatal: Не найден git репозитоий (или один из его каталогов вплоть до точки монтирования /)
Останавливаю поиск на границе файловой системы (так как GIT_DISCOVERY_ACROSS_FILESYSTEM не установлен).
avene@avenepc ~ $ cd /div/mygit/
bash: cd: /div/mygit/: Нет такого файла или каталога
avene@avenepc ~ $ sudo cd /div/mygit
sudo: cd: команда не найдена
avene@avenepc ~ $ cd div/mygit
bash: cd: div/mygit: Нет такого файла или каталога
avene@avenepc ~ $ cd /dev/mygit/
avene@avenepc /dev/mygit $ sudo git status
На ветке master
Неотслеживаемые файлы:
  (используйте «git add <файл>…», чтобы добавить в то, что будет включено в коммит)

	1s
	site/

ничего не добавлено в коммит, но есть неотслеживаемые файлы (используйте «git add», чтобы отслеживать их)
avene@avenepc /dev/mygit $ git add .
fatal: Не удалось создать «/dev/mygit/.git/index.lock»: Отказано в доступе
avene@avenepc /dev/mygit $ sudo git add .
avene@avenepc /dev/mygit $ git status
На ветке master
Изменения, которые будут включены в коммит:
  (используйте «git reset HEAD <файл>…», чтобы убрать из индекса)

	новый файл:    1s
	новый файл:    "site/css/\320\237\321\203\321\201\321\202\320\276\320\271 \320\264\320\276\320\272\321\203\320\274\320\265\320\275\321\202"
	новый файл:    site/index.html

avene@avenepc /dev/mygit $ sudo git commit -m "Frist site commit ee"
[master 37a4487] Frist site commit ee
 3 files changed, 127 insertions(+)
 create mode 100644 1s
 create mode 100644 "site/css/\320\237\321\203\321\201\321\202\320\276\320\271 \320\264\320\276\320\272\321\203\320\274\320\265\320\275\321\202"
 create mode 100644 site/index.html
avene@avenepc /dev/mygit $ git status
На ветке master
нечего коммитить, нет изменений в рабочем каталоге
avene@avenepc /dev/mygit $ git remote add origin https://github.com/884488/site.git
error: could not lock config file .git/config: Отказано в доступе
fatal: не удалось установить «remote.origin.url» в «https://github.com/884488/site.git»
avene@avenepc /dev/mygit $ sudo git remote add origin https://github.com/884488/site.git
avene@avenepc /dev/mygit $ sudo git push -u origin master
Username for 'https://github.com': 884488
Password for 'https://884488@github.com': 
Подсчет объектов: 11, готово.
Delta compression using up to 4 threads.
Сжатие объектов: 100% (9/9), готово.
Запись объектов: 100% (11/11), 1.82 KiB | 931.00 KiB/s, готово.
Total 11 (delta 2), reused 0 (delta 0)
remote: Resolving deltas: 100% (2/2), done.
To https://github.com/884488/site.git
 * [new branch]      master -> master
Ветка «master» отслеживает внешнюю ветку «master» из «origin».
avene@avenepc /dev/mygit $ sudo cd /dev
sudo: cd: команда не найдена
avene@avenepc /dev/mygit $ cd /dev
avene@avenepc /dev $ sudo mkdir jquery
avene@avenepc /dev $ cd /jquery
bash: cd: /jquery: Нет такого файла или каталога
avene@avenepc /dev $ cd /jquery
bash: cd: /jquery: Нет такого файла или каталога
avene@avenepc /dev $ sudo cd /jquery
sudo: cd: команда не найдена
avene@avenepc /dev $ cd jquery/
avene@avenepc /dev/jquery $ git clone https://github.com/jquery/jquery.git
fatal: не удалось создать рабочий каталог «jquery»: Отказано в доступе
avene@avenepc /dev/jquery $ sudo git clone https://github.com/jquery/jquery.git
Клонирование в «jquery»…
remote: Counting objects: 42692, done.
remote: Total 42692 (delta 0), reused 0 (delta 0), pack-reused 42692
Получение объектов: 100% (42692/42692), 27.08 MiB | 2.05 MiB/s, готово.
Определение изменений: 100% (30205/30205), готово.
avene@avenepc /dev/jquery $ cd /dev/mygit
avene@avenepc /dev/mygit $ git status
На ветке master
Ваша ветка обновлена в соответствии с «origin/master».

нечего коммитить, нет изменений в рабочем каталоге
avene@avenepc /dev/mygit $ git status
На ветке master
Ваша ветка обновлена в соответствии с «origin/master».

Изменения, которые не в индексе для коммита:
  (используйте «git add <файл>…», чтобы добавить файл в индекс)
  (используйте «git checkout -- <файл>…», чтобы отменить изменения
   в рабочем каталоге)

	изменено:      1s
	изменено:      site/index.html

нет изменений добавленных для коммита
(используйте «git add» и/или «git commit -a»)
avene@avenepc /dev/mygit $ git add .
fatal: Не удалось создать «/dev/mygit/.git/index.lock»: Отказано в доступе
avene@avenepc /dev/mygit $ sudo gitt add .
sudo: gitt: команда не найдена
avene@avenepc /dev/mygit $ sudo git add .
avene@avenepc /dev/mygit $ git status
На ветке master
Ваша ветка обновлена в соответствии с «origin/master».

Изменения, которые будут включены в коммит:
  (используйте «git reset HEAD <файл>…», чтобы убрать из индекса)

	изменено:      1s
	изменено:      site/index.html

avene@avenepc /dev/mygit $ git remote add origin https://github.com/884488/site.git
fatal: внешний репозиторий origin уже существует
avene@avenepc /dev/mygit $ sudo git push -u origin master
Username for 'https://github.com': "884488"          
Password for 'https://"884488"@github.com': 
remote: Invalid username or password.
fatal: Authentication failed for 'https://github.com/884488/site.git/'
avene@avenepc /dev/mygit $ sudo git push -u origin master
Username for 'https://github.com': 884488
Password for 'https://884488@github.com': 
Ветка «master» отслеживает внешнюю ветку «master» из «origin».
Everything up-to-date
avene@avenepc /dev/mygit $ git status
На ветке master
Ваша ветка обновлена в соответствии с «origin/master».

Изменения, которые будут включены в коммит:
  (используйте «git reset HEAD <файл>…», чтобы убрать из индекса)

	изменено:      1s
	изменено:      site/index.html

avene@avenepc /dev/mygit $ sudo git add --all
avene@avenepc /dev/mygit $ sudo git commit -m "3"
[master 35e41e7] 3
 2 files changed, 96 insertions(+)
avene@avenepc /dev/mygit $ sudo git branch
* master
avene@avenepc /dev/mygit $ sudo git log --graph --all --decore
fatal: неопознанный аргумент: --decore
avene@avenepc /dev/mygit $ sudo git log --graph --all --decorate
* commit 35e41e7efe9bea3209b934ac3b70e4bcd95623cd (HEAD -> master)
| Author: 884488 <profrol575@gmail.com>
| Date:   Fri Feb 9 16:37:13 2018 +0500
| 
|     3
| 
* commit 37a4487d94b76c6d100f396be6d34074edd93b9b (origin/master)
| Author: 884488 <profrol575@gmail.com>
| Date:   Fri Feb 9 16:07:44 2018 +0500
| 
|     Frist site commit ee
| 
* commit 78774f7e53335474df7801727d4f6493fed80c23
  Author: 884488 <profrol575@gmail.com>
  Date:   Fri Feb 9 15:41:01 2018 +0500
  
      MyCommit
avene@avenepc /dev/mygit $ git status
На ветке master
Ваша ветка опережает «origin/master» на 1 коммит.
  (используйте «git push», чтобы опубликовать ваши локальные коммиты)

нечего коммитить, нет изменений в рабочем каталоге
avene@avenepc /dev/mygit $ git push
Username for 'https://github.com': 884488
Password for 'https://884488@github.com': 
Подсчет объектов: 5, готово.
Delta compression using up to 4 threads.
Сжатие объектов: 100% (5/5), готово.
Запись объектов: 100% (5/5), 2.39 KiB | 2.39 MiB/s, готово.
Total 5 (delta 1), reused 0 (delta 0)
remote: Resolving deltas: 100% (1/1), completed with 1 local object.
To https://github.com/884488/site.git
   37a4487..35e41e7  master -> master
error: update_ref failed for ref 'refs/remotes/origin/master': cannot lock ref 'refs/remotes/origin/master': Не удалось создать «/dev/mygit/.git/refs/remotes/origin/master.lock»: Отказано в доступе
avene@avenepc /dev/mygit $ ^C
avene@avenepc /dev/mygit $ 


